<!doctype html>
<html>
<head>
    <title>page title</title>
</head>
<body>
    <h1 class=":first-child">header</h1>
    <form action="#">
        <input type="text" placeholder="Name" disabled="" class=":first-child">
        <input type="text" placeholder="Address" readonly="">
        <input class="zipcode" type="text" placeholder="Zip Code">

        <input class="submit" type="submit" name="" value="submit" readonly="readonly">

        <select readonly="">
            <option class=":first-child">option 1</option>
            <option>option 2</option>
            <option class=":last-child">option 3</option>
        </select>

        <textarea></textarea>

        <button type="button" class=":last-child">Button</button>
    </form>

    <div>
        outer
        <div class=":first-child :last-child">Inner</div>
    </div>

    <div></div>

    <button type="button" disabled="">Button 2</button>

    <ul>
        <li class=":first-child">list 1</li>
        <li>
            list 2
            <ul class=":first-child :last-child">
                <li class=":first-child">l2 - 1</li>
                <li>l2 - 2</li>
                <li class="hr :last-child"></li>
            </ul>
        </li>
        <li class=":last-child">
            <p class=":first-child :last-child">
                The number of lines in a paragraph depends on the size of the browser window. If you resize <a href="#test" class=":first-child :last-child">the browser</a> window, the number of lines in this paragraph will change.
            </p>
        </li>
    </ul>

    <p>
        This paragraph
        contains a lot of lines
        in the source code,
        but the browser
        ignores it.
        <a class=":first-child">no href</a> and <a href="" class=":last-child">empty href</a>
    </p>

    <p>
        This paragraph
        contains      a lot of spaces
        in the source     code,
        but the    browser
        ignores it.
    </p>

    <p class=":last-child">
        The number of lines in a paragraph depends on the size of the browser window. If you resize the browser window, the number of lines in this paragraph will change.
    </p>
</body>
</html>
