<!doctype html>
<html>
<head>
    <title>page title</title>
</head>
<body>
    <h1 class=":only-of-type">header</h1>
    <form action="#" class=":only-of-type">
        <input type="text" placeholder="Name" disabled="">
        <input type="text" placeholder="Address" readonly="">
        <input class="zipcode" type="text" placeholder="Zip Code">

        <input class="submit" type="submit" name="" value="submit" readonly="readonly">

        <select readonly="" class=":only-of-type">
            <option>option 1</option>
            <option>option 2</option>
            <option>option 3</option>
        </select>

        <textarea class=":only-of-type"></textarea>

        <button type="button" class=":only-of-type">Button</button>
    </form>

    <div>
        outer
        <div class=":only-child :only-of-type">Inner</div>
    </div>

    <div></div>

    <button type="button" disabled="" class=":only-of-type">Button 2</button>

    <ul class=":only-of-type">
        <li>list 1</li>
        <li>
            list 2
            <ul class=":only-child :only-of-type">
                <li>l2 - 1</li>
                <li>l2 - 2</li>
                <li class="hr"></li>
            </ul>
        </li>
        <li>
            <p class=":only-child :only-of-type">
                The number of lines in a paragraph depends on the size of the browser window. If you resize <a href="#test" class=":only-child :only-of-type">the browser</a> window, the number of lines in this paragraph will change.
            </p>
        </li>
    </ul>

    <p>
        This paragraph
        contains a lot of lines
        in the source code,
        but the browser
        ignores it.
        <a>no href</a> and <a href="">empty href</a>
    </p>

    <p>
        This paragraph
        contains      a lot of spaces
        in the source     code,
        but the    browser
        ignores it.
    </p>

    <p>
        The number of lines in a paragraph depends on the size of the browser window. If you resize the browser window, the number of lines in this paragraph will change.
    </p>
</body>
</html>
