<!doctype html>
<html>
<head>
    <title>page title</title>
</head>
<body>
    <h1>header</h1>
    <form action="#">
        <input type="text" placeholder="Name" disabled="" class=":disabled">
        <input type="text" placeholder="Address">
        <input class="zipcode :disabled" type="text" placeholder="Zip Code" disabled="">

        <input type="submit" name="" value="submit">

        <button type="button">Button</button>
    </form>

    <div>
        outer
        <div>Inner</div>
    </div>

    <button type="button" disabled="" class=":disabled">Button 2</button>

    <ul>
        <li>list 1</li>
        <li>
            list 2
            <ul>
                <li>l2 - 1</li>
                <li>l2 - 2</li>
            </ul>
        </li>
        <li>
            <p>
                The number of lines in a paragraph depends on the size of the browser window. If you resize the browser window, the number of lines in this paragraph will change.
            </p>
        </li>
    </ul>

    <p>
        This paragraph
        contains a lot of lines
        in the source code,
        but the browser
        ignores it.
    </p>

    <p>
        This paragraph
        contains      a lot of spaces
        in the source     code,
        but the    browser
        ignores it.
    </p>

    <p>
        The number of lines in a paragraph depends on the size of the browser window. If you resize the browser window, the number of lines in this paragraph will change.
    </p>
</body>
</html>