<!doctype html>
<html>
<head class=":first-of-type">
    <title class=":first-of-type">page title</title>
</head>
<body class=":first-of-type">
    <h1 class=":first-of-type">header</h1>
    <form action="#" class=":first-of-type">
        <input type="text" placeholder="Name" disabled="" class=":first-of-type">
        <input type="text" placeholder="Address">
        <input class="zipcode" type="text" placeholder="Zip Code" disabled="">

        <input type="submit" name="" value="submit">

        <button type="button" class=":first-of-type">Button</button>
    </form>

    <div class=":first-of-type">
        outer
        <div class=":first-of-type">Inner</div>
    </div>

    <div></div>

    <button type="button" disabled="" class=":first-of-type">Button 2</button>

    <ul class=":first-of-type">
        <li class=":first-of-type">list 1</li>
        <li>
            list 2
            <ul class=":first-of-type">
                <li class=":first-of-type">l2 - 1</li>
                <li>l2 - 2</li>
                <li class="hr"></li>
            </ul>
        </li>
        <li>
            <p class=":first-of-type">
                The number of lines in a paragraph depends on the size of the browser window. If you resize <a href="#test" class=":first-of-type">the browser</a> window, the number of lines in this paragraph will change.
            </p>
        </li>
    </ul>

    <p class=":first-of-type">
        This paragraph
        contains a lot of lines
        in the source code,
        but the browser
        ignores it.
        <a class=":first-of-type">no href</a> and <a href="">empty href</a>
    </p>

    <p>
        This paragraph
        contains      a lot of spaces
        in the source     code,
        but the    browser
        ignores it.
    </p>

    <p>
        The number of lines in a paragraph depends on the size of the browser window. If you resize the browser window, the number of lines in this paragraph will change.
    </p>
</body>
</html>
