<!doctype html>
<html>
<head>
    <title>page title</title>
</head>
<body>
    <h1>header</h1>
    <form action="#">
        <input type="text" placeholder="Name" disabled="">
        <input type="text" placeholder="Address">
        <input class="zipcode" type="text" placeholder="Zip Code" disabled="">

        <input type="submit" name="" value="submit">

        <button type="button" class=":last-child">Button</button>
    </form>

    <div>
        outer
        <div class=":last-child">Inner</div>
    </div>

    <div></div>

    <button type="button" disabled="">Button 2</button>

    <ul>
        <li>list 1</li>
        <li>
            list 2
            <ul class=":last-child">
                <li>l2 - 1</li>
                <li>l2 - 2</li>
                <li class="hr :last-child"></li>
            </ul>
        </li>
        <li class=":last-child">
            <p class=":last-child">
                The number of lines in a paragraph depends on the size of the browser window. If you resize <a href="#test" class=":last-child">the browser</a> window, the number of lines in this paragraph will change.
            </p>
        </li>
    </ul>

    <p>
        This paragraph
        contains a lot of lines
        in the source code,
        but the browser
        ignores it.
        <a>no href</a> and <a href="" class=":last-child">empty href</a>
    </p>

    <p>
        This paragraph
        contains      a lot of spaces
        in the source     code,
        but the    browser
        ignores it.
    </p>

    <p class=":last-child">
        The number of lines in a paragraph depends on the size of the browser window. If you resize the browser window, the number of lines in this paragraph will change.
    </p>
</body>
</html>
