<!doctype html>
<html>
<head class=":last-of-type">
    <title class=":last-of-type">page title</title>
</head>
<body class=":last-of-type">
    <h1 class=":last-of-type">header</h1>
    <form action="#" class=":last-of-type">
        <input type="text" placeholder="Name" disabled="">
        <input type="text" placeholder="Address">
        <input class="zipcode" type="text" placeholder="Zip Code" disabled="">

        <input type="submit" name="" value="submit" class=":last-of-type">

        <button type="button" class=":last-of-type">Button</button>
    </form>

    <div>
        outer
        <div class=":last-of-type">Inner</div>
    </div>

    <div class=":last-of-type"></div>

    <button type="button" disabled="" class=":last-of-type">Button 2</button>

    <ul class=":last-of-type">
        <li>list 1</li>
        <li>
            list 2
            <ul class=":last-of-type">
                <li>l2 - 1</li>
                <li>l2 - 2</li>
                <li class="hr :last-of-type"></li>
            </ul>
        </li>
        <li class=":last-of-type">
            <p class=":last-of-type">
                The number of lines in a paragraph depends on the size of the browser window. If you resize <a href="#test" class=":last-of-type">the browser</a> window, the number of lines in this paragraph will change.
            </p>
        </li>
    </ul>

    <p>
        This paragraph
        contains a lot of lines
        in the source code,
        but the browser
        ignores it.
        <a>no href</a> and <a href="" class=":last-of-type">empty href</a>
    </p>

    <p>
        This paragraph
        contains      a lot of spaces
        in the source     code,
        but the    browser
        ignores it.
    </p>

    <p class=":last-of-type">
        The number of lines in a paragraph depends on the size of the browser window. If you resize the browser window, the number of lines in this paragraph will change.
    </p>
</body>
</html>
