<!doctype html>
<html>
<head>
    <title>page title</title>
</head>
<body>
    <h1>header</h1>
    <p>para</p>
</body>
</html>