<div>
    <h1 class=":first-child :first-of-type :last-of-type :only-of-type">header</h1>
    <p class=":first-of-type :last-child :last-of-type :only-of-type">para</p>
</div>