<!doctype html>
<html>
<head>
    <title>page title</title>
</head>
<body>
    <h1 class="firstchild">header</h1>
    <form action="#">
        <input type="text" placeholder="Name" disabled="" class="firstchild">
        <input type="text" placeholder="Address">
        <input class="zipcode" type="text" placeholder="Zip Code" disabled="">

        <input type="submit" name="" value="submit">

        <button type="button" class="lastchild">Button</button>
    </form>

    <div>
        outer
        <div class="firstchild lastchild">Inner</div>
    </div>

    <div></div>

    <button type="button" disabled="">Button 2</button>

    <ul>
        <li class="firstchild">list 1</li>
        <li>
            list 2
            <ul class="firstchild lastchild">
                <li class="firstchild">l2 - 1</li>
                <li>l2 - 2</li>
                <li class="hr lastchild"></li>
            </ul>
        </li>
        <li class="lastchild">
            <p class="firstchild lastchild">
                The number of lines in a paragraph depends on the size of the browser window. If you resize <a href="#test" class="firstchild lastchild">the browser</a> window, the number of lines in this paragraph will change.
            </p>
        </li>
    </ul>

    <p>
        This paragraph
        contains a lot of lines
        in the source code,
        but the browser
        ignores it.
        <a class="firstchild">no href</a> and <a href="" class="lastchild">empty href</a>
    </p>

    <p>
        This paragraph
        contains      a lot of spaces
        in the source     code,
        but the    browser
        ignores it.
    </p>

    <p class="lastchild">
        The number of lines in a paragraph depends on the size of the browser window. If you resize the browser window, the number of lines in this paragraph will change.
    </p>
</body>
</html>