<!doctype html>
<html>
<head>
    <title>page title</title>
</head>
<body>
    <h1 class="fc">header</h1>
    <form action="#">
        <input type="text" placeholder="Name" disabled="" class="fc">
        <input type="text" placeholder="Address">
        <input class="zipcode" type="text" placeholder="Zip Code" disabled="">

        <input type="submit" name="" value="submit">

        <button type="button" class="lc">Button</button>
    </form>

    <div>
        outer
        <div class="fc lc">Inner</div>
    </div>

    <div></div>

    <button type="button" disabled="">Button 2</button>

    <ul>
        <li class="fc">list 1</li>
        <li>
            list 2
            <ul class="fc lc">
                <li class="fc">l2 - 1</li>
                <li>l2 - 2</li>
                <li class="hr lc"></li>
            </ul>
        </li>
        <li class="lc">
            <p class="fc lc">
                The number of lines in a paragraph depends on the size of the browser window. If you resize <a href="#test" class="fc lc">the browser</a> window, the number of lines in this paragraph will change.
            </p>
        </li>
    </ul>

    <p>
        This paragraph
        contains a lot of lines
        in the source code,
        but the browser
        ignores it.
        <a class="fc">no href</a> and <a href="" class="lc">empty href</a>
    </p>

    <p>
        This paragraph
        contains      a lot of spaces
        in the source     code,
        but the    browser
        ignores it.
    </p>

    <p class="lc">
        The number of lines in a paragraph depends on the size of the browser window. If you resize the browser window, the number of lines in this paragraph will change.
    </p>
</body>
</html>