<!doctype html>
<html>
<head>
    <title>page title</title>
</head>
<body>
    <h1 class="flo">header</h1>
    <form action="#">
        <input type="text" placeholder="Name" disabled="" class="flo">
        <input type="text" placeholder="Address" readonly="">
        <input class="zipcode" type="text" placeholder="Zip Code">

        <input class="submit" type="submit" name="" value="submit" readonly="readonly">

        <select readonly="">
            <option class="flo">option 1</option>
            <option>option 2</option>
            <option class="flo">option 3</option>
        </select>

        <textarea></textarea>

        <button type="button" class="flo">Button</button>
    </form>

    <div>
        outer
        <div class="flo">Inner</div>
    </div>

    <div></div>

    <button type="button" disabled="">Button 2</button>

    <ul>
        <li class="flo">list 1</li>
        <li>
            list 2
            <ul class="flo">
                <li class="flo">l2 - 1</li>
                <li>l2 - 2</li>
                <li class="hr flo"></li>
            </ul>
        </li>
        <li class="flo">
            <p class="flo">
                The number of lines in a paragraph depends on the size of the browser window. If you resize <a href="#test" class="flo">the browser</a> window, the number of lines in this paragraph will change.
            </p>
        </li>
    </ul>

    <p>
        This paragraph
        contains a lot of lines
        in the source code,
        but the browser
        ignores it.
        <a class="flo">no href</a> and <a href="" class="flo">empty href</a>
    </p>

    <p>
        This paragraph
        contains      a lot of spaces
        in the source     code,
        but the    browser
        ignores it.
    </p>

    <p class="flo">
        The number of lines in a paragraph depends on the size of the browser window. If you resize the browser window, the number of lines in this paragraph will change.
    </p>
</body>
</html>
